AWAVMA Benchmark
----------------
Pattern          : mixed
Threads          : 2
Memory           : 1024 MB
Iterations       : 1000000 per thread (duration mode)
Duration         : enabled
NUMA Nodes       : 2
Memory Node      : 0
Thread Node      : 1
Seed             : 12345
Regions          : hot=10% moderate=30% cold=60%
Starting benchmark...

Completed successfully.

Results
-------
Execution Time   : 30.000159 sec
Operations       : 366929920
Throughput       : 12230932.414 ops/sec
Checksum         : 63872595
Thread 0        : 30.000118 sec, 185141248 ops, CPU 1 (node 1)
Thread 1        : 30.000065 sec, 181788672 ops, CPU 3 (node 1)
