AWAVMA Benchmark
----------------
Pattern          : mixed
Threads          : 2
Memory           : 1024 MB
Iterations       : 1000000 per thread (duration mode)
Duration         : enabled
NUMA Nodes       : 2
Memory Node      : 0
Thread Node      : 1
Seed             : 12345
Regions          : hot=10% moderate=30% cold=60%
Starting benchmark...

Completed successfully.

Results
-------
Execution Time   : 30.000139 sec
Operations       : 366790656
Throughput       : 12226298.646 ops/sec
Checksum         : 89752576
Thread 0        : 30.000103 sec, 185073664 ops, CPU 1 (node 1)
Thread 1        : 30.000026 sec, 181716992 ops, CPU 3 (node 1)
