AWAVMA Benchmark
----------------
Pattern          : mixed
Threads          : 2
Memory           : 1024 MB
Iterations       : 1000000 per thread (duration mode)
Duration         : enabled
NUMA Nodes       : 2
Memory Node      : 0
Thread Node      : 1
Seed             : 20260930
Regions          : hot=10% moderate=30% cold=60%
Starting benchmark...

Completed successfully.

Results
-------
Execution Time   : 10.000132 sec
Operations       : 122640384
Throughput       : 12263876.858 ops/sec
Checksum         : 84819883
Thread 0        : 10.000060 sec, 61887488 ops, CPU 1 (node 1)
Thread 1        : 10.000115 sec, 60752896 ops, CPU 3 (node 1)
