AWAVMA Benchmark
----------------
Pattern          : mixed
Threads          : 2
Memory           : 1024 MB
Iterations       : 1000000 per thread (duration mode)
Duration         : enabled
NUMA Nodes       : 2
Memory Node      : 0
Thread Node      : 0
Seed             : 20260930
Regions          : hot=10% moderate=30% cold=60%
Starting benchmark...

Completed successfully.

Results
-------
Execution Time   : 10.000146 sec
Operations       : 189156352
Throughput       : 18915359.499 ops/sec
Checksum         : 15202183
Thread 0        : 10.000075 sec, 94454784 ops, CPU 0 (node 0)
Thread 1        : 10.000024 sec, 94701568 ops, CPU 2 (node 0)
