AWAVMA Benchmark
----------------
Pattern          : mixed
Threads          : 2
Memory           : 1024 MB
Iterations       : 1000000 per thread (duration mode)
Duration         : enabled
NUMA Nodes       : 2
Memory Node      : 0
Thread Node      : 1
Seed             : 20260930
Regions          : hot=10% moderate=30% cold=60%
Starting benchmark...

Completed successfully.

Results
-------
Execution Time   : 10.000159 sec
Operations       : 122641408
Throughput       : 12263946.064 ops/sec
Checksum         : 121478898
Thread 0        : 10.000101 sec, 61875200 ops, CPU 1 (node 1)
Thread 1        : 10.000071 sec, 60766208 ops, CPU 3 (node 1)
