AWAVMA Benchmark
----------------
Pattern          : mixed
Threads          : 2
Memory           : 1024 MB
Iterations       : 1000000 per thread (duration mode)
Duration         : enabled
NUMA Nodes       : 2
Memory Node      : 0
Thread Node      : 1
Seed             : 20260930
Regions          : hot=10% moderate=30% cold=60%
Starting benchmark...

Completed successfully.

Results
-------
Execution Time   : 10.000200 sec
Operations       : 122627072
Throughput       : 12262462.523 ops/sec
Checksum         : 79068659
Thread 0        : 10.000162 sec, 61884416 ops, CPU 1 (node 1)
Thread 1        : 10.000024 sec, 60742656 ops, CPU 3 (node 1)
