AWAVMA Benchmark
----------------
Pattern          : mixed
Threads          : 2
Memory           : 1024 MB
Iterations       : 1000000 per thread (duration mode)
Duration         : enabled
NUMA Nodes       : 2
Memory Node      : 0
Thread Node      : 1
Seed             : 20260930
Regions          : hot=10% moderate=30% cold=60%
Starting benchmark...

Completed successfully.

Results
-------
Execution Time   : 10.000106 sec
Operations       : 122644480
Throughput       : 12264317.451 ops/sec
Checksum         : 64075580
Thread 0        : 10.000069 sec, 61900800 ops, CPU 1 (node 1)
Thread 1        : 10.000011 sec, 60743680 ops, CPU 3 (node 1)
