AWAVMA Benchmark
----------------
Pattern          : mixed
Threads          : 2
Memory           : 1024 MB
Iterations       : 1000000 per thread (duration mode)
Duration         : enabled
NUMA Nodes       : 2
Memory Node      : 0
Thread Node      : 1
Seed             : 20260930
Regions          : hot=10% moderate=30% cold=60%
Starting benchmark...

Completed successfully.

Results
-------
Execution Time   : 10.000154 sec
Operations       : 122563584
Throughput       : 12256169.311 ops/sec
Checksum         : 116283623
Thread 0        : 10.000109 sec, 61859840 ops, CPU 1 (node 1)
Thread 1        : 10.000061 sec, 60703744 ops, CPU 3 (node 1)
