AWAVMA Benchmark
----------------
Pattern          : mixed
Threads          : 2
Memory           : 1024 MB
Iterations       : 1000000 per thread (duration mode)
Duration         : enabled
NUMA Nodes       : 2
Memory Node      : 0
Thread Node      : 0
Seed             : 20260930
Regions          : hot=10% moderate=30% cold=60%
Starting benchmark...

Completed successfully.

Results
-------
Execution Time   : 10.000171 sec
Operations       : 188951552
Throughput       : 18894832.053 ops/sec
Checksum         : 93480951
Thread 0        : 10.000076 sec, 94319616 ops, CPU 0 (node 0)
Thread 1        : 10.000046 sec, 94631936 ops, CPU 2 (node 0)
