AWAVMA Benchmark
----------------
Pattern          : mixed
Threads          : 2
Memory           : 1024 MB
Iterations       : 1000000 per thread (duration mode)
Duration         : enabled
NUMA Nodes       : 2
Memory Node      : -1
Thread Node      : 0
Seed             : 12345
Regions          : hot=10% moderate=30% cold=60%
Starting benchmark...

Completed successfully.

Results
-------
Execution Time   : 30.000151 sec
Operations       : 533551104
Throughput       : 17784947.249 ops/sec
Checksum         : 36952995
Thread 0        : 30.000019 sec, 267366400 ops, CPU 0 (node 0)
Thread 1        : 30.000113 sec, 266184704 ops, CPU 2 (node 0)
