AWAVMA Benchmark
----------------
Pattern          : mixed
Threads          : 2
Memory           : 1024 MB
Iterations       : 1000000 per thread (duration mode)
Duration         : enabled
NUMA Nodes       : 2
Memory Node      : 0
Thread Node      : 1
Seed             : 12345
Regions          : hot=10% moderate=30% cold=60%
Starting benchmark...

Completed successfully.

Results
-------
Execution Time   : 30.000074 sec
Operations       : 351461376
Throughput       : 11715350.251 ops/sec
Checksum         : 16602695
Thread 0        : 30.000025 sec, 177415168 ops, CPU 1 (node 1)
Thread 1        : 30.000019 sec, 174046208 ops, CPU 3 (node 1)
