AWAVMA Benchmark
----------------
Pattern          : mixed
Threads          : 2
Memory           : 1024 MB
Iterations       : 1000000 per thread (duration mode)
Duration         : enabled
NUMA Nodes       : 2
Memory Node      : 0
Thread Node      : 1
Seed             : 12345
Regions          : hot=10% moderate=30% cold=60%
Starting benchmark...

Completed successfully.

Results
-------
Execution Time   : 30.000170 sec
Operations       : 351863808
Throughput       : 11728727.291 ops/sec
Checksum         : 81807457
Thread 0        : 30.000075 sec, 177601536 ops, CPU 1 (node 1)
Thread 1        : 30.000144 sec, 174262272 ops, CPU 3 (node 1)
