AWAVMA Benchmark
----------------
Pattern          : mixed
Threads          : 2
Memory           : 1024 MB
Iterations       : 1000000 per thread (duration mode)
Duration         : enabled
NUMA Nodes       : 2
Memory Node      : 0
Thread Node      : 0
Seed             : 12345
Regions          : hot=10% moderate=30% cold=60%
Starting benchmark...

Completed successfully.

Results
-------
Execution Time   : 30.000091 sec
Operations       : 568595456
Throughput       : 18953124.577 ops/sec
Checksum         : 4668855
Thread 0        : 30.000034 sec, 283858944 ops, CPU 0 (node 0)
Thread 1        : 30.000073 sec, 284736512 ops, CPU 2 (node 0)
