AWAVMA Benchmark
----------------
Pattern          : mixed
Threads          : 2
Memory           : 1024 MB
Iterations       : 1000000 per thread (duration mode)
Duration         : enabled
NUMA Nodes       : 2
Memory Node      : -1
Thread Node      : -1
Seed             : 12345
Regions          : hot=10% moderate=30% cold=60%
Starting benchmark...

Completed successfully.

Results
-------
Execution Time   : 30.000109 sec
Operations       : 556347392
Throughput       : 18544845.795 ops/sec
Checksum         : 87102680
Thread 0        : 30.000035 sec, 276750336 ops, CPU -1 (node -1)
Thread 1        : 30.000079 sec, 279597056 ops, CPU -1 (node -1)
