AWAVMA Benchmark
----------------
Pattern          : mixed
Threads          : 2
Memory           : 1024 MB
Iterations       : 1000000 per thread (duration mode)
Duration         : enabled
NUMA Nodes       : 2
Memory Node      : 0
Thread Node      : 0
Seed             : 12345
Regions          : hot=10% moderate=30% cold=60%
Starting benchmark...

Completed successfully.

Results
-------
Execution Time   : 30.000098 sec
Operations       : 568263680
Throughput       : 18942060.916 ops/sec
Checksum         : 133923829
Thread 0        : 30.000034 sec, 283661312 ops, CPU 0 (node 0)
Thread 1        : 30.000082 sec, 284602368 ops, CPU 2 (node 0)
