AWAVMA Benchmark
----------------
Pattern          : mixed
Threads          : 2
Memory           : 1024 MB
Iterations       : 1000000 per thread (duration mode)
Duration         : enabled
NUMA Nodes       : 2
Memory Node      : 0
Thread Node      : 1
Seed             : 12345
Regions          : hot=10% moderate=30% cold=60%
Starting benchmark...

Completed successfully.

Results
-------
Execution Time   : 30.000181 sec
Operations       : 366812160
Throughput       : 12226998.244 ops/sec
Checksum         : 85001137
Thread 0        : 30.000107 sec, 185088000 ops, CPU 1 (node 1)
Thread 1        : 30.000162 sec, 181724160 ops, CPU 3 (node 1)
