AWAVMA Benchmark
----------------
Pattern          : mixed
Threads          : 2
Memory           : 1024 MB
Iterations       : 1000000 per thread (duration mode)
Duration         : enabled
NUMA Nodes       : 2
Memory Node      : -1
Thread Node      : -1
Seed             : 12345
Regions          : hot=10% moderate=30% cold=60%
Starting benchmark...

Completed successfully.

Results
-------
Execution Time   : 30.000154 sec
Operations       : 555902976
Throughput       : 18530003.936 ops/sec
Checksum         : 65565459
Thread 0        : 30.000085 sec, 276382720 ops, CPU -1 (node -1)
Thread 1        : 30.000079 sec, 279520256 ops, CPU -1 (node -1)
