AWAVMA Benchmark
----------------
Pattern          : mixed
Threads          : 2
Memory           : 1024 MB
Iterations       : 1000000 per thread (duration mode)
Duration         : enabled
NUMA Nodes       : 2
Memory Node      : 0
Thread Node      : 1
Seed             : 12345
Regions          : hot=10% moderate=30% cold=60%
Starting benchmark...

Completed successfully.

Results
-------
Execution Time   : 30.000164 sec
Operations       : 366913536
Throughput       : 12230384.338 ops/sec
Checksum         : 71919331
Thread 0        : 30.000120 sec, 185186304 ops, CPU 1 (node 1)
Thread 1        : 30.000062 sec, 181727232 ops, CPU 3 (node 1)
