AWAVMA Benchmark
----------------
Pattern          : mixed
Threads          : 2
Memory           : 1024 MB
Iterations       : 1000000 per thread (duration mode)
Duration         : enabled
NUMA Nodes       : 2
Memory Node      : 0
Thread Node      : 1
Seed             : 12345
Regions          : hot=10% moderate=30% cold=60%
Starting benchmark...

Completed successfully.

Results
-------
Execution Time   : 30.000083 sec
Operations       : 366836736
Throughput       : 12227857.311 ops/sec
Checksum         : 57959406
Thread 0        : 30.000031 sec, 185099264 ops, CPU 1 (node 1)
Thread 1        : 30.000016 sec, 181737472 ops, CPU 3 (node 1)
